// Jest Snapshot v1, https://goo.gl/fbAQLP

exports[`renders correctly 1`] = `
<div
  className="Image-wrapper bar"
  style={
    Object {
      "background": "url(foo)",
    }
  }
>
  <div
    className=" undefined"
  />
</div>
`;
